// Jest Snapshot v1, https://goo.gl/fbAQLP

exports[`VFooter.js should render a fixed and absolute positioned and match snapshot 1`] = `

<footer class="footer">
</footer>

`;

exports[`VFooter.js should render a fixed positioned component and match snapshot 1`] = `

<footer class="footer">
</footer>

`;

exports[`VFooter.js should render an absolute positioned component and match snapshot 1`] = `

<footer class="footer">
</footer>

`;

exports[`VFooter.js should render component and match snapshot 1`] = `

<footer class="footer">
</footer>

`;
