// Jest Snapshot v1, https://goo.gl/fbAQLP

exports[`VCarouselItem.js should render component and match snapshot 1`] = `

<div class="jumbotron"
     style="height: 100%; display: none;"
     data-ripple="false"
>
  <div class="jumbotron__wrapper">
    <div class="jumbotron__background">
    </div>
    <div class="jumbotron__content">
    </div>
  </div>
</div>

`;

exports[`VCarouselItem.js should throw warning when not used inside v-carousel 1`] = `

<div class="jumbotron"
     style="height: 100%; display: none;"
     data-ripple="false"
>
  <div class="jumbotron__wrapper">
    <div class="jumbotron__background">
    </div>
    <div class="jumbotron__content">
    </div>
  </div>
</div>

`;
