// Jest Snapshot v1, https://goo.gl/fbAQLP

exports[`VDataTable.vue should match a snapshot 1`] = `

<div class="table__overflow">
  <table class="datatable table">
    <thead>
      <tr>
        <th role="columnheader"
            scope="col"
            aria-label="First Column: Sorted ascending. Activate to sort descending."
            aria-sort="ascending"
            tabindex="0"
            class="column sortable active asc text-xs-right a-string"
        >
          <i aria-hidden="true"
             class="material-icons icon"
          >
            arrow_upward
          </i>
          First Column
        </th>
        <th role="columnheader"
            scope="col"
            aria-label="Second Column: Not sorted."
            aria-sort="none"
            class="column text-xs-right"
        >
          Second Column
        </th>
        <th role="columnheader"
            scope="col"
            aria-label="Third Column: Not sorted. Activate to sort ascending."
            aria-sort="none"
            tabindex="0"
            class="column sortable text-xs-right an array"
        >
          <i aria-hidden="true"
             class="material-icons icon"
          >
            arrow_upward
          </i>
          Third Column
        </th>
      </tr>
    </thead>
    <thead class="datatable__progress">
      <tr>
        <th colspan="100%"
            class="column"
        >
        </th>
      </tr>
    </thead>
    <tbody>
      <tr>
        <td colspan="100%"
            class="text-xs-center"
        >
          No matching records found
        </td>
      </tr>
    </tbody>
    <tfoot>
      <tr>
        <td colspan="100%">
          <div class="datatable__actions">
            <div class="datatable__actions__select">
              Rows per page:
              <div tabindex="0"
                   aria-label="Rows per page:"
                   role="combobox"
                   class="input-group input-group--append-icon input-group--hide-details input-group--text-field input-group--select input-group--auto primary--text"
              >
                <div class="input-group__input">
                  <div class="input-group__selections"
                       style="overflow: hidden;"
                  >
                    <input aria-label="Rows per page:"
                           disabled="disabled"
                           tabindex="-1"
                           class="input-group--select__autocomplete"
                           style="display: none;"
                    >
                  </div>
                  <div class="menu"
                       style="display: inline-block;"
                  >
                    <div class="menu__content menu__content--select menu__content--auto"
                         style="max-height: 200px; min-width: 75px; max-width: auto; top: 18px; left: 12px; z-index: 0; display: none;"
                    >
                      <div class="card"
                           style="height: auto;"
                           data-ripple="false"
                      >
                        <ul data-uid="5"
                            class="list"
                        >
                          <li>
                            <a href="javascript:;"
                               class="list__tile list__tile--link"
                               data-ripple="true"
                            >
                              <div class="list__tile__content">
                                <div class="list__tile__title">
                                  5
                                </div>
                              </div>
                            </a>
                          </li>
                          <li>
                            <a href="javascript:;"
                               class="list__tile list__tile--link"
                               data-ripple="true"
                            >
                              <div class="list__tile__content">
                                <div class="list__tile__title">
                                  10
                                </div>
                              </div>
                            </a>
                          </li>
                          <li>
                            <a href="javascript:;"
                               class="list__tile list__tile--link"
                               data-ripple="true"
                            >
                              <div class="list__tile__content">
                                <div class="list__tile__title">
                                  25
                                </div>
                              </div>
                            </a>
                          </li>
                          <li>
                            <a href="javascript:;"
                               class="list__tile list__tile--link"
                               data-ripple="true"
                            >
                              <div class="list__tile__content">
                                <div class="list__tile__title">
                                  All
                                </div>
                              </div>
                            </a>
                          </li>
                        </ul>
                      </div>
                    </div>
                  </div>
                  <i aria-hidden="true"
                     class="material-icons icon input-group__append-icon input-group__icon-cb"
                  >
                    arrow_drop_down
                  </i>
                </div>
                <div class="input-group__details">
                  <div class="input-group__messages">
                  </div>
                </div>
              </div>
            </div>
            <div class="datatable__actions__pagination">
              NaN-NaN of 3
            </div>
            <button type="button"
                    class="btn btn--flat btn--icon btn--raised"
                    data-ripple="true"
                    aria-label="Previous page"
            >
              <div class="btn__content">
                <i class="material-icons icon">
                  chevron_left
                </i>
              </div>
            </button>
            <button type="button"
                    class="btn btn--flat btn--icon btn--raised"
                    data-ripple="true"
                    aria-label="Next page"
            >
              <div class="btn__content">
                <i class="material-icons icon">
                  chevron_right
                </i>
              </div>
            </button>
          </div>
        </td>
      </tr>
    </tfoot>
  </table>
</div>

`;
