// Jest Snapshot v1, https://goo.gl/fbAQLP

exports[`VRadioGroup.vue should render role on radio group 1`] = `

<div role="radiogroup"
     class="input-group radio-group radio-group--column"
>
  <div class="input-group__input">
  </div>
  <div class="input-group__details">
    <div class="input-group__messages">
    </div>
  </div>
</div>

`;
