// Jest Snapshot v1, https://goo.gl/fbAQLP

exports[`VMenu.js should work 1`] = `

<div class="menu"
     style="display: inline-block;"
>
  <div class="menu__activator">
    <button type="button"
            class="btn btn--raised"
    >
      <div class="btn__content">
      </div>
    </button>
  </div>
  <div class="menu__content"
       style="max-height: auto; min-width: 0px; max-width: NaNpx; top: 0px; left: 0px; display: none;"
  >
    <div class="card"
         style="height: auto;"
    >
    </div>
  </div>
</div>

`;
