// Jest Snapshot v1, https://goo.gl/fbAQLP

exports[`VBreadcrumbsItem.js should render component and match snapshot 1`] = `

<li>
  <a href="javascript:;"
     class="breadcrumbs__item"
  >
  </a>
</li>

`;

exports[`VBreadcrumbsItem.js should render component with custom activeClass and match snapshot 1`] = `

<li>
  <a href="javascript:;"
     class="breadcrumbs__item"
  >
  </a>
</li>

`;
