// Jest Snapshot v1, https://goo.gl/fbAQLP

exports[`VSnackbar.vue should have a snack class 1`] = `

<div class="snack snack--bottom">
  <!---->
</div>

`;

exports[`VSnackbar.vue should have a snack__content class only when active 1`] = `

<div class="snack snack--active snack--bottom">
  <div class="snack__content slide-y-reverse-transition-enter slide-y-reverse-transition-enter-active"
       style="-webkit-transform-origin: top center 0;"
  >
  </div>
</div>

`;
