// Jest Snapshot v1, https://goo.gl/fbAQLP

exports[`VList.js should render a dense component and match snapshot 1`] = `

<ul data-uid="1"
    class="list list--dense"
>
</ul>

`;

exports[`VList.js should render a subheader component and match snapshot 1`] = `

<ul data-uid="2"
    class="list list--subheader"
>
</ul>

`;

exports[`VList.js should render a threeLine component and match snapshot 1`] = `

<ul data-uid="3"
    class="list list--three-line"
>
</ul>

`;

exports[`VList.js should render a twoLine component and match snapshot 1`] = `

<ul data-uid="4"
    class="list list--two-line"
>
</ul>

`;

exports[`VList.js should render component and match snapshot 1`] = `

<ul data-uid="0"
    class="list"
>
</ul>

`;
