// Jest Snapshot v1, https://goo.gl/fbAQLP

exports[`VListGroup.js should render a component with no padding for action icon and match snapshot 1`] = `

<ul class="list">
  <li class="list__group">
    <ul class="list__group__header">
      <li class="list__group__header__prepend-icon">
        <i aria-hidden="true"
           class="material-icons icon"
           style="font-size: 24px;"
        >
        </i>
      </li>
      <li class="list__group__header__append-icon">
        <i aria-hidden="true"
           class="material-icons icon"
           style="font-size: 24px;"
        >
          keyboard_arrow_down
        </i>
      </li>
    </ul>
    <ul class="list__group__items"
        style="display: none;"
    >
    </ul>
  </li>
</ul>

`;

exports[`VListGroup.js should render a component with route namespace and match snapshot 1`] = `

<ul class="list">
  <li class="list__group">
    <ul class="list__group__header">
      <li class="list__group__header__prepend-icon">
        <i aria-hidden="true"
           class="material-icons icon"
           style="font-size: 24px;"
        >
        </i>
      </li>
      <li class="list__group__header__append-icon">
        <i aria-hidden="true"
           class="material-icons icon"
           style="font-size: 24px;"
        >
          keyboard_arrow_down
        </i>
      </li>
    </ul>
    <ul class="list__group__items"
        style="display: none;"
    >
    </ul>
  </li>
</ul>

`;

exports[`VListGroup.js should render a lazy component and match snapshot 1`] = `

<ul class="list">
  <li class="list__group">
    <ul class="list__group__header">
      <li class="list__group__header__prepend-icon">
        <i aria-hidden="true"
           class="material-icons icon"
           style="font-size: 24px;"
        >
        </i>
      </li>
      <li class="list__group__header__append-icon">
        <i aria-hidden="true"
           class="material-icons icon"
           style="font-size: 24px;"
        >
          keyboard_arrow_down
        </i>
      </li>
    </ul>
    <ul class="list__group__items"
        style="display: none;"
    >
    </ul>
  </li>
</ul>

`;

exports[`VListGroup.js should render component and match snapshot 1`] = `

<ul class="list">
  <li class="list__group">
    <ul class="list__group__header">
      <li class="list__group__header__prepend-icon">
        <i aria-hidden="true"
           class="material-icons icon"
           style="font-size: 24px;"
        >
        </i>
      </li>
      <li class="list__group__header__append-icon">
        <i aria-hidden="true"
           class="material-icons icon"
           style="font-size: 24px;"
        >
          keyboard_arrow_down
        </i>
      </li>
    </ul>
    <ul class="list__group__items"
        style="display: none;"
    >
    </ul>
  </li>
</ul>

`;
