// Jest Snapshot v1, https://goo.gl/fbAQLP

exports[`VProgressLinear.js should render component and match snapshot 1`] = `

<!---->

`;

exports[`VProgressLinear.js should render component with buffer value and match snapshot 1`] = `

<!---->

`;

exports[`VProgressLinear.js should render component with buffer value and value > buffer value and match snapshot 1`] = `

<!---->

`;

exports[`VProgressLinear.js should render component with color and background color and match snapshot 1`] = `

<!---->

`;

exports[`VProgressLinear.js should render component with color and background color and opacity and match snapshot 1`] = `

<!---->

`;

exports[`VProgressLinear.js should render component with color and background opacity and match snapshot 1`] = `

<!---->

`;

exports[`VProgressLinear.js should render component with color and match snapshot 1`] = `

<!---->

`;

exports[`VProgressLinear.js should render indeterminate progress and match snapshot 1`] = `

<!---->

`;

exports[`VProgressLinear.js should render indeterminate progress with query prop and match snapshot 1`] = `

<!---->

`;
