// Jest Snapshot v1, https://goo.gl/fbAQLP

exports[`VSwitch.js should render component with error 1`] = `

<div tabindex="0"
     class="v-input-group v-input-group--error v-input-group--selection-controls switch error--text"
>
  <div class="v-input-group__input">
    <div class="v-input-group--selection-controls__container">
      <div class="v-input-group--selection-controls__toggle">
      </div>
      <div class="v-input-group--selection-controls__ripple">
      </div>
    </div>
  </div>
  <div class="v-input-group__details">
    <div class="v-input-group__messages v-input-group__error">
    </div>
  </div>
</div>

`;
