// Jest Snapshot v1, https://goo.gl/fbAQLP

exports[`VApp.js should allow a custom id 1`] = `

<div data-app="true"
     class="application theme--light"
     id="inspire"
>
  <div class="application--wrap">
  </div>
</div>

`;

exports[`VApp.js should match a snapshot 1`] = `

<div data-app="true"
     class="application theme--light"
     id="app"
>
  <div class="application--wrap">
  </div>
</div>

`;

exports[`VApp.js should watch theme 1`] = `
<style
  type="text/css"
>
  .primary{background-color:#1976D2 !important;border-color:#1976D2 !important;}.primary--text{color:#1976D2 !important;}.secondary{background-color:#424242 !important;border-color:#424242 !important;}.secondary--text{color:#424242 !important;}.accent{background-color:#82B1FF !important;border-color:#82B1FF !important;}.accent--text{color:#82B1FF !important;}.error{background-color:#FF5252 !important;border-color:#FF5252 !important;}.error--text{color:#FF5252 !important;}.info{background-color:#2196F3 !important;border-color:#2196F3 !important;}.info--text{color:#2196F3 !important;}.success{background-color:#4CAF50 !important;border-color:#4CAF50 !important;}.success--text{color:#4CAF50 !important;}.warning{background-color:#FFC107 !important;border-color:#FFC107 !important;}.warning--text{color:#FFC107 !important;}a{color: #1976D2;}
</style>
`;

exports[`VApp.js should watch theme 2`] = `
<style
  type="text/css"
>
  .primary{background-color:#000 !important;border-color:#000 !important;}.primary--text{color:#000 !important;}.secondary{background-color:#424242 !important;border-color:#424242 !important;}.secondary--text{color:#424242 !important;}.accent{background-color:#82B1FF !important;border-color:#82B1FF !important;}.accent--text{color:#82B1FF !important;}.error{background-color:#FF5252 !important;border-color:#FF5252 !important;}.error--text{color:#FF5252 !important;}.info{background-color:#2196F3 !important;border-color:#2196F3 !important;}.info--text{color:#2196F3 !important;}.success{background-color:#4CAF50 !important;border-color:#4CAF50 !important;}.success--text{color:#4CAF50 !important;}.warning{background-color:#FFC107 !important;border-color:#FFC107 !important;}.warning--text{color:#FFC107 !important;}a{color: #000;}
</style>
`;
