// Jest Snapshot v1, https://goo.gl/fbAQLP

exports[`VWindow.ts should filter children when value provided 1`] = `

<div class="v-window">
  <div class="v-window__container">
    <div>
      foo
    </div>
  </div>
</div>

`;

exports[`VWindow.ts should filter children when value provided 2`] = `

<div class="v-window">
  <div class="v-window__container v-window__container--is-active"
       style="height: 0px;"
  >
    <div class="v-window-x-transition-leave v-window-x-transition-leave-active">
      foo
    </div>
    <div class="v-window-x-transition-enter v-window-x-transition-enter-active">
      bar
    </div>
  </div>
</div>

`;
